Analysis & Synthesis report for test1
Mon Sep 18 18:55:42 2023
Quartus Prime Version 20.1.1 Build 720 11/11/2020 SJ Lite Edition


---------------------
; Table of Contents ;
---------------------
  1. Legal Notice
  2. Analysis & Synthesis Summary
  3. Analysis & Synthesis Settings
  4. Parallel Compilation
  5. Analysis & Synthesis Source Files Read
  6. Analysis & Synthesis Resource Usage Summary
  7. Analysis & Synthesis Resource Utilization by Entity
  8. General Register Statistics
  9. Multiplexer Restructuring Statistics (Restructuring Performed)
 10. Parameter Settings for Inferred Entity Instance: ula:ulaula|lpm_divide:Div0
 11. Port Connectivity Checks: "ula:ulaula"
 12. Port Connectivity Checks: "ramDisp:RAMeDISP"
 13. Post-Synthesis Netlist Statistics for Top Partition
 14. Elapsed Time Per Partition
 15. Analysis & Synthesis Messages



----------------
; Legal Notice ;
----------------
Copyright (C) 2020  Intel Corporation. All rights reserved.
Your use of Intel Corporation's design tools, logic functions 
and other software and tools, and any partner logic 
functions, and any output files from any of the foregoing 
(including device programming or simulation files), and any 
associated documentation or information are expressly subject 
to the terms and conditions of the Intel Program License 
Subscription Agreement, the Intel Quartus Prime License Agreement,
the Intel FPGA IP License Agreement, or other applicable license
agreement, including, without limitation, that your use is for
the sole purpose of programming logic devices manufactured by
Intel and sold by Intel or its authorized distributors.  Please
refer to the applicable agreement for further details, at
https://fpgasoftware.intel.com/eula.



+----------------------------------------------------------------------------------+
; Analysis & Synthesis Summary                                                     ;
+------------------------------------+---------------------------------------------+
; Analysis & Synthesis Status        ; Successful - Mon Sep 18 18:55:42 2023       ;
; Quartus Prime Version              ; 20.1.1 Build 720 11/11/2020 SJ Lite Edition ;
; Revision Name                      ; test1                                       ;
; Top-level Entity Name              ; MikroP                                      ;
; Family                             ; MAX 10                                      ;
; Total logic elements               ; 454                                         ;
;     Total combinational functions  ; 454                                         ;
;     Dedicated logic registers      ; 44                                          ;
; Total registers                    ; 44                                          ;
; Total pins                         ; 65                                          ;
; Total virtual pins                 ; 0                                           ;
; Total memory bits                  ; 0                                           ;
; Embedded Multiplier 9-bit elements ; 0                                           ;
; Total PLLs                         ; 0                                           ;
; UFM blocks                         ; 0                                           ;
; ADC blocks                         ; 0                                           ;
+------------------------------------+---------------------------------------------+


+------------------------------------------------------------------------------------------------------------+
; Analysis & Synthesis Settings                                                                              ;
+------------------------------------------------------------------+--------------------+--------------------+
; Option                                                           ; Setting            ; Default Value      ;
+------------------------------------------------------------------+--------------------+--------------------+
; Device                                                           ; 10M50DAF484C6GES   ;                    ;
; Top-level entity name                                            ; MikroP             ; test1              ;
; Family name                                                      ; MAX 10             ; Cyclone V          ;
; Type of Retiming Performed During Resynthesis                    ; Full               ;                    ;
; Resynthesis Optimization Effort                                  ; Normal             ;                    ;
; Physical Synthesis Level for Resynthesis                         ; Normal             ;                    ;
; Use Generated Physical Constraints File                          ; On                 ;                    ;
; Use smart compilation                                            ; Off                ; Off                ;
; Enable parallel Assembler and Timing Analyzer during compilation ; On                 ; On                 ;
; Enable compact report table                                      ; Off                ; Off                ;
; Restructure Multiplexers                                         ; Auto               ; Auto               ;
; Create Debugging Nodes for IP Cores                              ; Off                ; Off                ;
; Preserve fewer node names                                        ; On                 ; On                 ;
; Intel FPGA IP Evaluation Mode                                    ; Enable             ; Enable             ;
; Verilog Version                                                  ; Verilog_2001       ; Verilog_2001       ;
; VHDL Version                                                     ; VHDL_1993          ; VHDL_1993          ;
; State Machine Processing                                         ; Auto               ; Auto               ;
; Safe State Machine                                               ; Off                ; Off                ;
; Extract Verilog State Machines                                   ; On                 ; On                 ;
; Extract VHDL State Machines                                      ; On                 ; On                 ;
; Ignore Verilog initial constructs                                ; Off                ; Off                ;
; Iteration limit for constant Verilog loops                       ; 5000               ; 5000               ;
; Iteration limit for non-constant Verilog loops                   ; 250                ; 250                ;
; Add Pass-Through Logic to Inferred RAMs                          ; On                 ; On                 ;
; Infer RAMs from Raw Logic                                        ; On                 ; On                 ;
; Parallel Synthesis                                               ; On                 ; On                 ;
; DSP Block Balancing                                              ; Auto               ; Auto               ;
; NOT Gate Push-Back                                               ; On                 ; On                 ;
; Power-Up Don't Care                                              ; On                 ; On                 ;
; Remove Redundant Logic Cells                                     ; Off                ; Off                ;
; Remove Duplicate Registers                                       ; On                 ; On                 ;
; Ignore CARRY Buffers                                             ; Off                ; Off                ;
; Ignore CASCADE Buffers                                           ; Off                ; Off                ;
; Ignore GLOBAL Buffers                                            ; Off                ; Off                ;
; Ignore ROW GLOBAL Buffers                                        ; Off                ; Off                ;
; Ignore LCELL Buffers                                             ; Off                ; Off                ;
; Ignore SOFT Buffers                                              ; On                 ; On                 ;
; Limit AHDL Integers to 32 Bits                                   ; Off                ; Off                ;
; Optimization Technique                                           ; Balanced           ; Balanced           ;
; Carry Chain Length                                               ; 70                 ; 70                 ;
; Auto Carry Chains                                                ; On                 ; On                 ;
; Auto Open-Drain Pins                                             ; On                 ; On                 ;
; Perform WYSIWYG Primitive Resynthesis                            ; Off                ; Off                ;
; Auto ROM Replacement                                             ; On                 ; On                 ;
; Auto RAM Replacement                                             ; On                 ; On                 ;
; Auto DSP Block Replacement                                       ; On                 ; On                 ;
; Auto Shift Register Replacement                                  ; Auto               ; Auto               ;
; Allow Shift Register Merging across Hierarchies                  ; Auto               ; Auto               ;
; Auto Clock Enable Replacement                                    ; On                 ; On                 ;
; Strict RAM Replacement                                           ; Off                ; Off                ;
; Allow Synchronous Control Signals                                ; On                 ; On                 ;
; Force Use of Synchronous Clear Signals                           ; Off                ; Off                ;
; Auto RAM Block Balancing                                         ; On                 ; On                 ;
; Auto RAM to Logic Cell Conversion                                ; Off                ; Off                ;
; Auto Resource Sharing                                            ; Off                ; Off                ;
; Allow Any RAM Size For Recognition                               ; Off                ; Off                ;
; Allow Any ROM Size For Recognition                               ; Off                ; Off                ;
; Allow Any Shift Register Size For Recognition                    ; Off                ; Off                ;
; Use LogicLock Constraints during Resource Balancing              ; On                 ; On                 ;
; Ignore translate_off and synthesis_off directives                ; Off                ; Off                ;
; Timing-Driven Synthesis                                          ; On                 ; On                 ;
; Report Parameter Settings                                        ; On                 ; On                 ;
; Report Source Assignments                                        ; On                 ; On                 ;
; Report Connectivity Checks                                       ; On                 ; On                 ;
; Ignore Maximum Fan-Out Assignments                               ; Off                ; Off                ;
; Synchronization Register Chain Length                            ; 2                  ; 2                  ;
; Power Optimization During Synthesis                              ; Normal compilation ; Normal compilation ;
; HDL message level                                                ; Level2             ; Level2             ;
; Suppress Register Optimization Related Messages                  ; Off                ; Off                ;
; Number of Removed Registers Reported in Synthesis Report         ; 5000               ; 5000               ;
; Number of Swept Nodes Reported in Synthesis Report               ; 5000               ; 5000               ;
; Number of Inverted Registers Reported in Synthesis Report        ; 100                ; 100                ;
; Clock MUX Protection                                             ; On                 ; On                 ;
; Auto Gated Clock Conversion                                      ; Off                ; Off                ;
; Block Design Naming                                              ; Auto               ; Auto               ;
; SDC constraint protection                                        ; Off                ; Off                ;
; Synthesis Effort                                                 ; Auto               ; Auto               ;
; Shift Register Replacement - Allow Asynchronous Clear Signal     ; On                 ; On                 ;
; Pre-Mapping Resynthesis Optimization                             ; Off                ; Off                ;
; Analysis & Synthesis Message Level                               ; Medium             ; Medium             ;
; Disable Register Merging Across Hierarchies                      ; Auto               ; Auto               ;
; Resource Aware Inference For Block RAM                           ; On                 ; On                 ;
+------------------------------------------------------------------+--------------------+--------------------+


+------------------------------------------+
; Parallel Compilation                     ;
+----------------------------+-------------+
; Processors                 ; Number      ;
+----------------------------+-------------+
; Number detected on machine ; 12          ;
; Maximum allowed            ; 6           ;
;                            ;             ;
; Average used               ; 1.00        ;
; Maximum used               ; 6           ;
;                            ;             ;
; Usage by Processor         ; % Time Used ;
;     Processor 1            ; 100.0%      ;
;     Processors 2-6         ;   0.0%      ;
+----------------------------+-------------+


+-----------------------------------------------------------------------------------------------------------------------------------------------------------------------------------------------------+
; Analysis & Synthesis Source Files Read                                                                                                                                                              ;
+----------------------------------+-----------------+------------------------------+-------------------------------------------------------------------------------------------------------+---------+
; File Name with User-Entered Path ; Used in Netlist ; File Type                    ; File Name with Absolute Path                                                                          ; Library ;
+----------------------------------+-----------------+------------------------------+-------------------------------------------------------------------------------------------------------+---------+
; Eq03-ULA.vhd                     ; yes             ; User VHDL File               ; D:/Utfpr/2023_2/Arquitetura e Organização de Computadores/FPGAEx2-rev2 Q21/Eq03-ULA.vhd               ;         ;
; RAMDisp.vhd                      ; yes             ; User VHDL File               ; D:/Utfpr/2023_2/Arquitetura e Organização de Computadores/FPGAEx2-rev2 Q21/RAMDisp.vhd                ;         ;
; MikroP.vhd                       ; yes             ; User VHDL File               ; D:/Utfpr/2023_2/Arquitetura e Organização de Computadores/FPGAEx2-rev2 Q21/MikroP.vhd                 ;         ;
; Hex.vhd                          ; yes             ; User VHDL File               ; D:/Utfpr/2023_2/Arquitetura e Organização de Computadores/FPGAEx2-rev2 Q21/Hex.vhd                    ;         ;
; lpm_divide.tdf                   ; yes             ; Megafunction                 ; d:/quartus/quartus/libraries/megafunctions/lpm_divide.tdf                                             ;         ;
; abs_divider.inc                  ; yes             ; Megafunction                 ; d:/quartus/quartus/libraries/megafunctions/abs_divider.inc                                            ;         ;
; sign_div_unsign.inc              ; yes             ; Megafunction                 ; d:/quartus/quartus/libraries/megafunctions/sign_div_unsign.inc                                        ;         ;
; aglobal201.inc                   ; yes             ; Megafunction                 ; d:/quartus/quartus/libraries/megafunctions/aglobal201.inc                                             ;         ;
; db/lpm_divide_bvl.tdf            ; yes             ; Auto-Generated Megafunction  ; D:/Utfpr/2023_2/Arquitetura e Organização de Computadores/FPGAEx2-rev2 Q21/db/lpm_divide_bvl.tdf      ;         ;
; db/sign_div_unsign_dnh.tdf       ; yes             ; Auto-Generated Megafunction  ; D:/Utfpr/2023_2/Arquitetura e Organização de Computadores/FPGAEx2-rev2 Q21/db/sign_div_unsign_dnh.tdf ;         ;
; db/alt_u_div_4le.tdf             ; yes             ; Auto-Generated Megafunction  ; D:/Utfpr/2023_2/Arquitetura e Organização de Computadores/FPGAEx2-rev2 Q21/db/alt_u_div_4le.tdf       ;         ;
; db/add_sub_t3c.tdf               ; yes             ; Auto-Generated Megafunction  ; D:/Utfpr/2023_2/Arquitetura e Organização de Computadores/FPGAEx2-rev2 Q21/db/add_sub_t3c.tdf         ;         ;
; db/add_sub_u3c.tdf               ; yes             ; Auto-Generated Megafunction  ; D:/Utfpr/2023_2/Arquitetura e Organização de Computadores/FPGAEx2-rev2 Q21/db/add_sub_u3c.tdf         ;         ;
+----------------------------------+-----------------+------------------------------+-------------------------------------------------------------------------------------------------------+---------+


+------------------------------------------------------------+
; Analysis & Synthesis Resource Usage Summary                ;
+---------------------------------------------+--------------+
; Resource                                    ; Usage        ;
+---------------------------------------------+--------------+
; Estimated Total logic elements              ; 454          ;
;                                             ;              ;
; Total combinational functions               ; 454          ;
; Logic element usage by number of LUT inputs ;              ;
;     -- 4 input functions                    ; 122          ;
;     -- 3 input functions                    ; 199          ;
;     -- <=2 input functions                  ; 133          ;
;                                             ;              ;
; Logic elements by mode                      ;              ;
;     -- normal mode                          ; 258          ;
;     -- arithmetic mode                      ; 196          ;
;                                             ;              ;
; Total registers                             ; 44           ;
;     -- Dedicated logic registers            ; 44           ;
;     -- I/O registers                        ; 0            ;
;                                             ;              ;
; I/O pins                                    ; 65           ;
;                                             ;              ;
; Embedded Multiplier 9-bit elements          ; 0            ;
;                                             ;              ;
; Maximum fan-out node                        ; RST_HW~input ;
; Maximum fan-out                             ; 36           ;
; Total fan-out                               ; 1641         ;
; Average fan-out                             ; 2.61         ;
+---------------------------------------------+--------------+


+----------------------------------------------------------------------------------------------------------------------------------------------------------------------------------------------------------------------------------------------------------------------------------------------------------------------------------------------------------+
; Analysis & Synthesis Resource Utilization by Entity                                                                                                                                                                                                                                                                                                      ;
+-------------------------------------------+---------------------+---------------------------+-------------+------------+--------------+---------+-----------+------+--------------+------------+--------------------------------------------------------------------------------------------------------------------+---------------------+--------------+
; Compilation Hierarchy Node                ; Combinational ALUTs ; Dedicated Logic Registers ; Memory Bits ; UFM Blocks ; DSP Elements ; DSP 9x9 ; DSP 18x18 ; Pins ; Virtual Pins ; ADC blocks ; Full Hierarchy Name                                                                                                ; Entity Name         ; Library Name ;
+-------------------------------------------+---------------------+---------------------------+-------------+------------+--------------+---------+-----------+------+--------------+------------+--------------------------------------------------------------------------------------------------------------------+---------------------+--------------+
; |MikroP                                   ; 454 (8)             ; 44 (8)                    ; 0           ; 0          ; 0            ; 0       ; 0         ; 65   ; 0            ; 0          ; |MikroP                                                                                                            ; MikroP              ; work         ;
;    |ramDisp:RAMeDISP|                     ; 126 (96)            ; 36 (36)                   ; 0           ; 0          ; 0            ; 0       ; 0         ; 0    ; 0            ; 0          ; |MikroP|ramDisp:RAMeDISP                                                                                           ; ramDisp             ; work         ;
;       |hex_7seg:H0|                       ; 7 (7)               ; 0 (0)                     ; 0           ; 0          ; 0            ; 0       ; 0         ; 0    ; 0            ; 0          ; |MikroP|ramDisp:RAMeDISP|hex_7seg:H0                                                                               ; hex_7seg            ; work         ;
;       |hex_7seg:H1|                       ; 9 (9)               ; 0 (0)                     ; 0           ; 0          ; 0            ; 0       ; 0         ; 0    ; 0            ; 0          ; |MikroP|ramDisp:RAMeDISP|hex_7seg:H1                                                                               ; hex_7seg            ; work         ;
;       |hex_7seg:H3|                       ; 7 (7)               ; 0 (0)                     ; 0           ; 0          ; 0            ; 0       ; 0         ; 0    ; 0            ; 0          ; |MikroP|ramDisp:RAMeDISP|hex_7seg:H3                                                                               ; hex_7seg            ; work         ;
;       |hex_7seg:H4|                       ; 7 (7)               ; 0 (0)                     ; 0           ; 0          ; 0            ; 0       ; 0         ; 0    ; 0            ; 0          ; |MikroP|ramDisp:RAMeDISP|hex_7seg:H4                                                                               ; hex_7seg            ; work         ;
;    |ula:ulaula|                           ; 320 (16)            ; 0 (0)                     ; 0           ; 0          ; 0            ; 0       ; 0         ; 0    ; 0            ; 0          ; |MikroP|ula:ulaula                                                                                                 ; ula                 ; work         ;
;       |lpm_divide:Div0|                   ; 304 (0)             ; 0 (0)                     ; 0           ; 0          ; 0            ; 0       ; 0         ; 0    ; 0            ; 0          ; |MikroP|ula:ulaula|lpm_divide:Div0                                                                                 ; lpm_divide          ; work         ;
;          |lpm_divide_bvl:auto_generated|  ; 304 (0)             ; 0 (0)                     ; 0           ; 0          ; 0            ; 0       ; 0         ; 0    ; 0            ; 0          ; |MikroP|ula:ulaula|lpm_divide:Div0|lpm_divide_bvl:auto_generated                                                   ; lpm_divide_bvl      ; work         ;
;             |sign_div_unsign_dnh:divider| ; 304 (0)             ; 0 (0)                     ; 0           ; 0          ; 0            ; 0       ; 0         ; 0    ; 0            ; 0          ; |MikroP|ula:ulaula|lpm_divide:Div0|lpm_divide_bvl:auto_generated|sign_div_unsign_dnh:divider                       ; sign_div_unsign_dnh ; work         ;
;                |alt_u_div_4le:divider|    ; 304 (304)           ; 0 (0)                     ; 0           ; 0          ; 0            ; 0       ; 0         ; 0    ; 0            ; 0          ; |MikroP|ula:ulaula|lpm_divide:Div0|lpm_divide_bvl:auto_generated|sign_div_unsign_dnh:divider|alt_u_div_4le:divider ; alt_u_div_4le       ; work         ;
+-------------------------------------------+---------------------+---------------------------+-------------+------------+--------------+---------+-----------+------+--------------+------------+--------------------------------------------------------------------------------------------------------------------+---------------------+--------------+
Note: For table entries with two numbers listed, the numbers in parentheses indicate the number of resources of the given type used by the specific entity alone. The numbers listed outside of parentheses indicate the total resources of the given type used by the specific entity and all of its sub-entities in the hierarchy.


+------------------------------------------------------+
; General Register Statistics                          ;
+----------------------------------------------+-------+
; Statistic                                    ; Value ;
+----------------------------------------------+-------+
; Total registers                              ; 44    ;
; Number of registers using Synchronous Clear  ; 25    ;
; Number of registers using Synchronous Load   ; 25    ;
; Number of registers using Asynchronous Clear ; 36    ;
; Number of registers using Asynchronous Load  ; 0     ;
; Number of registers using Clock Enable       ; 28    ;
; Number of registers using Preset             ; 0     ;
+----------------------------------------------+-------+


+-----------------------------------------------------------------------------------------------------------------------------------------------------+
; Multiplexer Restructuring Statistics (Restructuring Performed)                                                                                      ;
+--------------------+-----------+---------------+----------------------+------------------------+------------+---------------------------------------+
; Multiplexer Inputs ; Bus Width ; Baseline Area ; Area if Restructured ; Saving if Restructured ; Registered ; Example Multiplexer Output            ;
+--------------------+-----------+---------------+----------------------+------------------------+------------+---------------------------------------+
; 3:1                ; 2 bits    ; 4 LEs         ; 2 LEs                ; 2 LEs                  ; Yes        ; |MikroP|ramDisp:RAMeDISP|contador[1]  ;
; 3:1                ; 25 bits   ; 50 LEs        ; 50 LEs               ; 0 LEs                  ; Yes        ; |MikroP|ramDisp:RAMeDISP|contador[19] ;
+--------------------+-----------+---------------+----------------------+------------------------+------------+---------------------------------------+


+-----------------------------------------------------------------------------+
; Parameter Settings for Inferred Entity Instance: ula:ulaula|lpm_divide:Div0 ;
+------------------------+----------------+-----------------------------------+
; Parameter Name         ; Value          ; Type                              ;
+------------------------+----------------+-----------------------------------+
; LPM_WIDTHN             ; 16             ; Untyped                           ;
; LPM_WIDTHD             ; 16             ; Untyped                           ;
; LPM_NREPRESENTATION    ; UNSIGNED       ; Untyped                           ;
; LPM_DREPRESENTATION    ; UNSIGNED       ; Untyped                           ;
; LPM_PIPELINE           ; 0              ; Untyped                           ;
; LPM_REMAINDERPOSITIVE  ; TRUE           ; Untyped                           ;
; MAXIMIZE_SPEED         ; 5              ; Untyped                           ;
; CBXI_PARAMETER         ; lpm_divide_bvl ; Untyped                           ;
; CARRY_CHAIN            ; MANUAL         ; Untyped                           ;
; OPTIMIZE_FOR_SPEED     ; 5              ; Untyped                           ;
; AUTO_CARRY_CHAINS      ; ON             ; AUTO_CARRY                        ;
; IGNORE_CARRY_BUFFERS   ; OFF            ; IGNORE_CARRY                      ;
; AUTO_CASCADE_CHAINS    ; ON             ; AUTO_CASCADE                      ;
; IGNORE_CASCADE_BUFFERS ; OFF            ; IGNORE_CASCADE                    ;
+------------------------+----------------+-----------------------------------+
Note: In order to hide this table in the UI and the text report file, please set the "Show Parameter Settings in Synthesis Report" option in "Analysis and Synthesis Settings -> More Settings" to "Off".


+--------------------------------------------------------------------------------------------------------------------------+
; Port Connectivity Checks: "ula:ulaula"                                                                                   ;
+----------------+--------+----------+-------------------------------------------------------------------------------------+
; Port           ; Type   ; Severity ; Details                                                                             ;
+----------------+--------+----------+-------------------------------------------------------------------------------------+
; in_a[15..8]    ; Input  ; Info     ; Stuck at GND                                                                        ;
; in_b[15..8]    ; Input  ; Info     ; Stuck at GND                                                                        ;
; op[2..1]       ; Input  ; Info     ; Stuck at GND                                                                        ;
; op[0]          ; Input  ; Info     ; Stuck at VCC                                                                        ;
; out_ula[15..8] ; Output ; Info     ; Connected to dangling logic. Logic that only feeds a dangling port will be removed. ;
+----------------+--------+----------+-------------------------------------------------------------------------------------+


+---------------------------------------------------------------------------------------------------------------------------+
; Port Connectivity Checks: "ramDisp:RAMeDISP"                                                                              ;
+-----------------+--------+----------+-------------------------------------------------------------------------------------+
; Port            ; Type   ; Severity ; Details                                                                             ;
+-----------------+--------+----------+-------------------------------------------------------------------------------------+
; endereco[6..0]  ; Input  ; Info     ; Stuck at VCC                                                                        ;
; endereco[15..7] ; Input  ; Info     ; Stuck at GND                                                                        ;
; wr_en           ; Input  ; Info     ; Stuck at VCC                                                                        ;
; dado_in[15..8]  ; Input  ; Info     ; Stuck at GND                                                                        ;
; dado_out        ; Output ; Info     ; Connected to dangling logic. Logic that only feeds a dangling port will be removed. ;
+-----------------+--------+----------+-------------------------------------------------------------------------------------+


+-----------------------------------------------------+
; Post-Synthesis Netlist Statistics for Top Partition ;
+-----------------------+-----------------------------+
; Type                  ; Count                       ;
+-----------------------+-----------------------------+
; boundary_port         ; 65                          ;
; cycloneiii_ff         ; 44                          ;
;     CLR               ; 8                           ;
;     ENA CLR           ; 3                           ;
;     ENA CLR SCLR SLD  ; 25                          ;
;     plain             ; 8                           ;
; cycloneiii_lcell_comb ; 464                         ;
;     arith             ; 196                         ;
;         2 data inputs ; 63                          ;
;         3 data inputs ; 133                         ;
;     normal            ; 268                         ;
;         0 data inputs ; 15                          ;
;         1 data inputs ; 21                          ;
;         2 data inputs ; 44                          ;
;         3 data inputs ; 66                          ;
;         4 data inputs ; 122                         ;
;                       ;                             ;
; Max LUT depth         ; 41.00                       ;
; Average LUT depth     ; 26.35                       ;
+-----------------------+-----------------------------+


+-------------------------------+
; Elapsed Time Per Partition    ;
+----------------+--------------+
; Partition Name ; Elapsed Time ;
+----------------+--------------+
; Top            ; 00:00:02     ;
+----------------+--------------+


+-------------------------------+
; Analysis & Synthesis Messages ;
+-------------------------------+
Info: *******************************************************************
Info: Running Quartus Prime Analysis & Synthesis
    Info: Version 20.1.1 Build 720 11/11/2020 SJ Lite Edition
    Info: Processing started: Mon Sep 18 18:55:29 2023
Info: Command: quartus_map --read_settings_files=on --write_settings_files=off FPGAEx2-rev2 -c test1
Warning (18236): Number of processors has not been specified which may cause overloading on shared machines.  Set the global assignment NUM_PARALLEL_PROCESSORS in your QSF to an appropriate value for best performance.
Info (20030): Parallel compilation is enabled and will use 6 of the 6 processors detected
Info (12021): Found 2 design units, including 1 entities, in source file eq03-ula.vhd
    Info (12022): Found design unit 1: ula-a_ula File: D:/Utfpr/2023_2/Arquitetura e Organização de Computadores/FPGAEx2-rev2 Q21/Eq03-ULA.vhd Line: 19
    Info (12023): Found entity 1: ula File: D:/Utfpr/2023_2/Arquitetura e Organização de Computadores/FPGAEx2-rev2 Q21/Eq03-ULA.vhd Line: 10
Info (12021): Found 2 design units, including 1 entities, in source file ramdisp.vhd
    Info (12022): Found design unit 1: ramDisp-a_ram File: D:/Utfpr/2023_2/Arquitetura e Organização de Computadores/FPGAEx2-rev2 Q21/RAMDisp.vhd Line: 45
    Info (12023): Found entity 1: ramDisp File: D:/Utfpr/2023_2/Arquitetura e Organização de Computadores/FPGAEx2-rev2 Q21/RAMDisp.vhd Line: 19
Info (12021): Found 2 design units, including 1 entities, in source file mikrop.vhd
    Info (12022): Found design unit 1: MikroP-LogicFunction File: D:/Utfpr/2023_2/Arquitetura e Organização de Computadores/FPGAEx2-rev2 Q21/MikroP.vhd Line: 37
    Info (12023): Found entity 1: MikroP File: D:/Utfpr/2023_2/Arquitetura e Organização de Computadores/FPGAEx2-rev2 Q21/MikroP.vhd Line: 13
Info (12021): Found 2 design units, including 1 entities, in source file hex.vhd
    Info (12022): Found design unit 1: hex_7seg-Behavior File: D:/Utfpr/2023_2/Arquitetura e Organização de Computadores/FPGAEx2-rev2 Q21/Hex.vhd Line: 19
    Info (12023): Found entity 1: hex_7seg File: D:/Utfpr/2023_2/Arquitetura e Organização de Computadores/FPGAEx2-rev2 Q21/Hex.vhd Line: 12
Info (12127): Elaborating entity "MikroP" for the top level hierarchy
Warning (10036): Verilog HDL or VHDL warning at MikroP.vhd(79): object "ram_out" assigned a value but never read File: D:/Utfpr/2023_2/Arquitetura e Organização de Computadores/FPGAEx2-rev2 Q21/MikroP.vhd Line: 79
Info (12128): Elaborating entity "ramDisp" for hierarchy "ramDisp:RAMeDISP" File: D:/Utfpr/2023_2/Arquitetura e Organização de Computadores/FPGAEx2-rev2 Q21/MikroP.vhd Line: 91
Info (12128): Elaborating entity "hex_7seg" for hierarchy "ramDisp:RAMeDISP|hex_7seg:H0" File: D:/Utfpr/2023_2/Arquitetura e Organização de Computadores/FPGAEx2-rev2 Q21/RAMDisp.vhd Line: 148
Info (12128): Elaborating entity "ula" for hierarchy "ula:ulaula" File: D:/Utfpr/2023_2/Arquitetura e Organização de Computadores/FPGAEx2-rev2 Q21/MikroP.vhd Line: 114
Info (278001): Inferred 1 megafunctions from design logic
    Info (278004): Inferred divider/modulo megafunction ("lpm_divide") from the following logic: "ula:ulaula|Div0" File: D:/Utfpr/2023_2/Arquitetura e Organização de Computadores/FPGAEx2-rev2 Q21/Eq03-ULA.vhd Line: 30
Info (12130): Elaborated megafunction instantiation "ula:ulaula|lpm_divide:Div0" File: D:/Utfpr/2023_2/Arquitetura e Organização de Computadores/FPGAEx2-rev2 Q21/Eq03-ULA.vhd Line: 30
Info (12133): Instantiated megafunction "ula:ulaula|lpm_divide:Div0" with the following parameter: File: D:/Utfpr/2023_2/Arquitetura e Organização de Computadores/FPGAEx2-rev2 Q21/Eq03-ULA.vhd Line: 30
    Info (12134): Parameter "LPM_WIDTHN" = "16"
    Info (12134): Parameter "LPM_WIDTHD" = "16"
    Info (12134): Parameter "LPM_NREPRESENTATION" = "UNSIGNED"
    Info (12134): Parameter "LPM_DREPRESENTATION" = "UNSIGNED"
Info (12021): Found 1 design units, including 1 entities, in source file db/lpm_divide_bvl.tdf
    Info (12023): Found entity 1: lpm_divide_bvl File: D:/Utfpr/2023_2/Arquitetura e Organização de Computadores/FPGAEx2-rev2 Q21/db/lpm_divide_bvl.tdf Line: 25
Info (12021): Found 1 design units, including 1 entities, in source file db/sign_div_unsign_dnh.tdf
    Info (12023): Found entity 1: sign_div_unsign_dnh File: D:/Utfpr/2023_2/Arquitetura e Organização de Computadores/FPGAEx2-rev2 Q21/db/sign_div_unsign_dnh.tdf Line: 25
Info (12021): Found 1 design units, including 1 entities, in source file db/alt_u_div_4le.tdf
    Info (12023): Found entity 1: alt_u_div_4le File: D:/Utfpr/2023_2/Arquitetura e Organização de Computadores/FPGAEx2-rev2 Q21/db/alt_u_div_4le.tdf Line: 27
Info (12021): Found 1 design units, including 1 entities, in source file db/add_sub_t3c.tdf
    Info (12023): Found entity 1: add_sub_t3c File: D:/Utfpr/2023_2/Arquitetura e Organização de Computadores/FPGAEx2-rev2 Q21/db/add_sub_t3c.tdf Line: 23
Info (12021): Found 1 design units, including 1 entities, in source file db/add_sub_u3c.tdf
    Info (12023): Found entity 1: add_sub_u3c File: D:/Utfpr/2023_2/Arquitetura e Organização de Computadores/FPGAEx2-rev2 Q21/db/add_sub_u3c.tdf Line: 23
Warning (13024): Output pins are stuck at VCC or GND
    Warning (13410): Pin "HEX2_HW[0]" is stuck at VCC File: D:/Utfpr/2023_2/Arquitetura e Organização de Computadores/FPGAEx2-rev2 Q21/MikroP.vhd Line: 29
    Warning (13410): Pin "HEX2_HW[1]" is stuck at VCC File: D:/Utfpr/2023_2/Arquitetura e Organização de Computadores/FPGAEx2-rev2 Q21/MikroP.vhd Line: 29
    Warning (13410): Pin "HEX2_HW[2]" is stuck at VCC File: D:/Utfpr/2023_2/Arquitetura e Organização de Computadores/FPGAEx2-rev2 Q21/MikroP.vhd Line: 29
    Warning (13410): Pin "HEX2_HW[3]" is stuck at VCC File: D:/Utfpr/2023_2/Arquitetura e Organização de Computadores/FPGAEx2-rev2 Q21/MikroP.vhd Line: 29
    Warning (13410): Pin "HEX2_HW[4]" is stuck at VCC File: D:/Utfpr/2023_2/Arquitetura e Organização de Computadores/FPGAEx2-rev2 Q21/MikroP.vhd Line: 29
    Warning (13410): Pin "HEX2_HW[5]" is stuck at VCC File: D:/Utfpr/2023_2/Arquitetura e Organização de Computadores/FPGAEx2-rev2 Q21/MikroP.vhd Line: 29
    Warning (13410): Pin "HEX2_HW[6]" is stuck at VCC File: D:/Utfpr/2023_2/Arquitetura e Organização de Computadores/FPGAEx2-rev2 Q21/MikroP.vhd Line: 29
    Warning (13410): Pin "HEX3_HW[0]" is stuck at VCC File: D:/Utfpr/2023_2/Arquitetura e Organização de Computadores/FPGAEx2-rev2 Q21/MikroP.vhd Line: 30
    Warning (13410): Pin "HEX3_HW[1]" is stuck at VCC File: D:/Utfpr/2023_2/Arquitetura e Organização de Computadores/FPGAEx2-rev2 Q21/MikroP.vhd Line: 30
    Warning (13410): Pin "HEX3_HW[2]" is stuck at VCC File: D:/Utfpr/2023_2/Arquitetura e Organização de Computadores/FPGAEx2-rev2 Q21/MikroP.vhd Line: 30
    Warning (13410): Pin "HEX3_HW[3]" is stuck at VCC File: D:/Utfpr/2023_2/Arquitetura e Organização de Computadores/FPGAEx2-rev2 Q21/MikroP.vhd Line: 30
    Warning (13410): Pin "HEX3_HW[4]" is stuck at VCC File: D:/Utfpr/2023_2/Arquitetura e Organização de Computadores/FPGAEx2-rev2 Q21/MikroP.vhd Line: 30
    Warning (13410): Pin "HEX3_HW[5]" is stuck at VCC File: D:/Utfpr/2023_2/Arquitetura e Organização de Computadores/FPGAEx2-rev2 Q21/MikroP.vhd Line: 30
    Warning (13410): Pin "HEX3_HW[6]" is stuck at VCC File: D:/Utfpr/2023_2/Arquitetura e Organização de Computadores/FPGAEx2-rev2 Q21/MikroP.vhd Line: 30
Info (286030): Timing-Driven Synthesis is running
Info (16010): Generating hard_block partition "hard_block:auto_generated_inst"
    Info (16011): Adding 0 node(s), including 0 DDIO, 0 PLL, 0 transceiver and 0 LCELL
Warning (21074): Design contains 1 input pin(s) that do not drive logic
    Warning (15610): No output dependent on input pin "KEY1_HW" File: D:/Utfpr/2023_2/Arquitetura e Organização de Computadores/FPGAEx2-rev2 Q21/MikroP.vhd Line: 21
Info (21057): Implemented 520 device resources after synthesis - the final resource count might be different
    Info (21058): Implemented 13 input pins
    Info (21059): Implemented 52 output pins
    Info (21061): Implemented 455 logic cells
Info: Quartus Prime Analysis & Synthesis was successful. 0 errors, 19 warnings
    Info: Peak virtual memory: 4820 megabytes
    Info: Processing ended: Mon Sep 18 18:55:42 2023
    Info: Elapsed time: 00:00:13
    Info: Total CPU time (on all processors): 00:00:17


